
> frontend@0.1.0 build
> next build

▲ Next.js 16.2.4 (Turbopack)

  Creating an optimized production build ...
✓ Compiled successfully in 11.9s
  Running TypeScript ...
  Finished TypeScript in 8.4s ...
  Collecting page data using 7 workers ...
  Generating static pages using 7 workers (0/9) ...
  Generating static pages using 7 workers (2/9) 
  Generating static pages using 7 workers (4/9) 
  Generating static pages using 7 workers (6/9) 
✓ Generating static pages using 7 workers (9/9) in 698ms
  Finalizing page optimization ...

Route (app)
┌ ○ /
├ ○ /_not-found
├ ○ /analytics
├ ○ /analytics/leaderboard
├ ƒ /api/notifications/[address]
├ ○ /governance
├ ƒ /governance/[id]
├ ○ /governance/new
├ ƒ /i/[id]
└ ○ /payer


○  (Static)   prerendered as static content
ƒ  (Dynamic)  server-rendered on demand

